-- No se ha definido CMAKE_TOOLCHAIN_FILE. Compilando para HOST (tests only). Para compilar para Switch: cmake -DCMAKE_TOOLCHAIN_FILE=$DEVKITPRO/cmake/Switch.cmake
-- The C compiler identification is GNU 15.3.0
-- The CXX compiler identification is GNU 15.3.0
-- Detecting C compiler ABI info
-- Detecting C compiler ABI info - done
-- Check for working C compiler: c:/devkitPro/msys2/usr/bin/gcc.exe - skipped
-- Detecting C compile features
-- Detecting C compile features - done
-- Detecting CXX compiler ABI info
-- Detecting CXX compiler ABI info - done
-- Check for working CXX compiler: c:/devkitPro/msys2/usr/bin/g++.exe - skipped
-- Detecting CXX compile features
-- Detecting CXX compile features - done
-- pas_tests: sin soporte multilib de 32 bits (gcc -m32) -- test_elf_loader_real_binary se saltara en tiempo de ejecucion. Instala gcc-multilib/libc6-dev-i386 para activarlo.
-- pas_tests: sin gcc-aarch64-linux-gnu y/o qemu-user -- test_arm64_dynamic_exec se saltara en tiempo de ejecucion. Instala gcc-aarch64-linux-gnu y qemu-user para activarlo.
-- Configuring done (8.4s)
-- Generating done (0.2s)
-- Build files have been written to: C:/Users/Guarrazo/Desktop/pc-arcade-switch/build-host
[  2%] Building CXX object src/core/CMakeFiles/pas_core.dir/log.cpp.obj
[  5%] Building CXX object src/core/CMakeFiles/pas_core.dir/config.cpp.obj
[  8%] Building CXX object src/core/CMakeFiles/pas_core.dir/module.cpp.obj
[ 11%] Linking CXX static library libpas_core.a
[ 11%] Built target pas_core
[ 14%] Building CXX object src/cpu/CMakeFiles/pas_cpu.dir/x86/decoder.cpp.obj
[ 17%] Building CXX object src/cpu/CMakeFiles/pas_cpu.dir/translator/ir.cpp.obj
[ 20%] Building CXX object src/cpu/CMakeFiles/pas_cpu.dir/translator/ir_builder.cpp.obj
[ 22%] Building CXX object src/cpu/CMakeFiles/pas_cpu.dir/arm64/emitter.cpp.obj
[ 25%] Building CXX object src/cpu/CMakeFiles/pas_cpu.dir/jit/jit.cpp.obj
[ 28%] Building CXX object src/cpu/CMakeFiles/pas_cpu.dir/jit/code_cache.cpp.obj
[ 31%] Building CXX object src/cpu/CMakeFiles/pas_cpu.dir/jit/arm64_codegen.cpp.obj
[ 34%] Linking CXX static library libpas_cpu.a
[ 34%] Built target pas_cpu
[ 37%] Building CXX object src/os/CMakeFiles/pas_os.dir/elf_loader/elf_loader.cpp.obj
[ 40%] Building CXX object src/os/CMakeFiles/pas_os.dir/syscall/libc_shim.cpp.obj
[ 42%] Building CXX object src/os/CMakeFiles/pas_os.dir/filesystem/virtual_fs.cpp.obj
[ 45%] Linking CXX static library libpas_os.a
[ 45%] Built target pas_os
[ 48%] Building CXX object src/patch/CMakeFiles/pas_patch.dir/patch_engine.cpp.obj
[ 51%] Linking CXX static library libpas_patch.a
[ 51%] Built target pas_patch
[ 54%] Building CXX object src/profiles/CMakeFiles/pas_profiles.dir/json_lite.cpp.obj
[ 57%] Building CXX object src/profiles/CMakeFiles/pas_profiles.dir/game_profile.cpp.obj
[ 60%] Building CXX object src/profiles/CMakeFiles/pas_profiles.dir/platform_profile.cpp.obj
[ 62%] Linking CXX static library libpas_profiles.a
[ 62%] Built target pas_profiles
[ 65%] Building CXX object tests/CMakeFiles/pas_tests.dir/main.cpp.obj
[ 68%] Building CXX object tests/CMakeFiles/pas_tests.dir/test_patch_engine.cpp.obj
[ 71%] Building CXX object tests/CMakeFiles/pas_tests.dir/test_elf_loader.cpp.obj
[ 74%] Building CXX object tests/CMakeFiles/pas_tests.dir/test_elf_loader_real_binary.cpp.obj
[ 77%] Building CXX object tests/CMakeFiles/pas_tests.dir/test_code_cache.cpp.obj
[ 80%] Building CXX object tests/CMakeFiles/pas_tests.dir/test_json_lite.cpp.obj
[ 82%] Building CXX object tests/CMakeFiles/pas_tests.dir/test_game_profile.cpp.obj
[ 85%] Building CXX object tests/CMakeFiles/pas_tests.dir/test_arm64_emitter.cpp.obj
[ 88%] Building CXX object tests/CMakeFiles/pas_tests.dir/test_x86_decoder.cpp.obj
[ 91%] Building CXX object tests/CMakeFiles/pas_tests.dir/test_arm64_dynamic_exec.cpp.obj
[ 94%] Building CXX object tests/CMakeFiles/pas_tests.dir/test_ir_end_to_end.cpp.obj
[ 97%] Building CXX object tests/CMakeFiles/pas_tests.dir/test_jit_integration.cpp.obj
[100%] Linking CXX executable pas_tests.exe
[100%] Built target pas_tests
Build successful!
Run tests with: ctest
